Mono path[0] = 'C:/Users/ZQS/AppData/Local/Temp/GAME-ZZZ-UnattendedGate/PlayerBuild/GAME-ZZZ_Data/Managed'
Mono config path = 'C:/Users/ZQS/AppData/Local/Temp/GAME-ZZZ-UnattendedGate/PlayerBuild/MonoBleedingEdge/etc'
Input System module state changed to: Initialized.
[Physics::Module] Initialized fallback backend.
[Physics::Module] Id: 0xdecafbad
Initialize engine version: 6000.3.23f1 (09d2ecc7fb28)
[Subsystems] Discovering subsystems at path C:/Users/ZQS/AppData/Local/Temp/GAME-ZZZ-UnattendedGate/PlayerBuild/GAME-ZZZ_Data/UnitySubsystems
Forcing GfxDevice: Direct3D 12
GfxDevice: creating device client; kGfxThreadingModeSplitJobs
d3d12: failed to query info queue interface (0x80004002).
Direct3D:
    Version:         Direct3D 12 [level 12.2]
    Renderer:        NVIDIA GeForce RTX 5070 (ID=0x2f04)
    Vendor:          NVIDIA
    VRAM:            11943 MB
    App VRAM Budget: 11175 MB
    Driver:          32.0.15.9649
Begin MonoManager ReloadAssembly
- Loaded All Assemblies, in  0.151 seconds
- Finished resetting the current domain, in  0.003 seconds
[Physics::Module] Selected backend.
[Physics::Module] Name: PhysX
[Physics::Module] Id: 0xf2b8ea05
[Physics::Module] SDK Version: 4.1.2
[Physics::Module] Integration Version: 1.0.0
[Physics::Module] Threading Mode: Multi-Threaded
<RI> Initializing input.
<RI> Input initialized.
UnloadTime: 0.539700 ms
[Bootstrap] SeededRng created with seed 0xC0FFEE
[Bootstrap] First NextUInt=2601534214
[Bootstrap] Content load failed from 'C:\Users\ZQS\AppData\Local\Temp\GAME-ZZZ-UnattendedGate\PlayerBuild\ContentData\valid': C:\Users\ZQS\AppData\Local\Temp\GAME-ZZZ-UnattendedGate\PlayerBuild\ContentData\valid: 目录不存在
Unloading 5 Unused Serialized files (Serialized files now loaded: 0)
UnloadTime: 1.097000 ms
[Arena] DarkKnight fitted body height 1.16 from 4.755 scale x0.24
[Arena] DarkKnight mounted under Player.
[Arena] S2 UI. 角色/地图/制作可全鼠标。Q/W/E 仍可连发。
[Perf] gate env pinned: vSync=0 targetFrameRate=-1
Unloading 499 unused Assets to reduce memory usage. Loaded Objects now: 3849.
Total: 1.338000 ms (FindLiveObjects: 0.129100 ms CreateObjectMapping: 0.053600 ms MarkObjects: 1.100400 ms  DeleteObjects: 0.054700 ms)

[Perf] harness wrote C:\Users\ZQS\AppData\Local\Temp\GAME-ZZZ-UnattendedGate\Performance\Run1\100.txt
[Perf] harness 100 alive=100 avg=1.367
[Perf] harness wrote C:\Users\ZQS\AppData\Local\Temp\GAME-ZZZ-UnattendedGate\Performance\Run1\200.txt
[Perf] harness 200 alive=200 avg=1.467
[Perf] harness wrote C:\Users\ZQS\AppData\Local\Temp\GAME-ZZZ-UnattendedGate\Performance\Run1\300.txt
[Perf] harness 300 alive=290 avg=1.647
[Physics::Module] Cleanup current backend.
[Physics::Module] Id: 0xf2b8ea05
Input System module state changed to: ShutdownInProgress.
Input System polling thread exited.
Input System module state changed to: Shutdown.
