Mono path[0] = 'G:/GAME-ZZZ/.grok/tmp/s2p1440p_v3_Data/Managed'
Mono config path = 'G:/GAME-ZZZ/.grok/tmp/MonoBleedingEdge/etc'
Input System module state changed to: Initialized.
[Physics::Module] Initialized fallback backend.
[Physics::Module] Id: 0xdecafbad
Initialize engine version: 6000.3.23f1 (09d2ecc7fb28)
[Subsystems] Discovering subsystems at path G:/GAME-ZZZ/.grok/tmp/s2p1440p_v3_Data/UnitySubsystems
[D3D12 Device Filter] Vendor Name: NVIDIA
[D3D12 Device Filter] Device Name: NVIDIA GeForce RTX 5070
[D3D12 Device Filter] Driver Version: 32.0.15.9649
[D3D12 Device Filter] Feature Level: 12.2
[D3D12 Device Filter] Graphics Memory: 11943 MB
[D3D12 Device Filter] Processor Count: 16
[D3D12 Device Filter] Device Type: Discrete
GfxDevice: creating device client; kGfxThreadingModeSplitJobs
d3d12: failed to query info queue interface (0x80004002).
Direct3D:
    Version:         Direct3D 12 [level 12.2]
    Renderer:        NVIDIA GeForce RTX 5070 (ID=0x2f04)
    Vendor:          NVIDIA
    VRAM:            11943 MB
    App VRAM Budget: 11175 MB
    Driver:          32.0.15.9649
Begin MonoManager ReloadAssembly
- Loaded All Assemblies, in  0.128 seconds
- Finished resetting the current domain, in  0.002 seconds
[Physics::Module] Selected backend.
[Physics::Module] Name: PhysX
[Physics::Module] Id: 0xf2b8ea05
[Physics::Module] SDK Version: 4.1.2
[Physics::Module] Integration Version: 1.0.0
[Physics::Module] Threading Mode: Multi-Threaded
<RI> Initializing input.
<RI> Input initialized.
UnloadTime: 0.462900 ms
[Arena] Eve fitted body height 1.16 from 4.755 scale x0.24
[Arena] Eve mounted under Player.
[Arena] S2 UI. 角色/地图/制作可全鼠标。Q/W/E 仍可连发。
[Audio] Cast
[Audio] Hit
[Audio] Death
[Audio] Impact
[Audio] Cast
[Audio] Hit
[Audio] Death
[Audio] Impact
[Audio] Cast
[Audio] Impact
[Audio] Hit
[Audio] Death
[Audio] Hit
[Audio] Death
[Audio] Hit
[Audio] Death
[Audio] Hit
[Audio] Death
[Audio] Cast
[Audio] Hit
[Audio] Death
[Audio] Impact
[Audio] Cast
[Audio] Impact
[Audio] Hit
[Audio] Death
[Audio] Hit
[Audio] Death
[Audio] Hit
[Audio] Death
[Audio] Hit
[Audio] Death
[Perf] harness wrote G:\GAME-ZZZ\unity\game\New Unity Project\docs\reviews\s2p\1440p\100.txt
[Perf] harness 100 alive=100 avg=1.380
[Audio] Cast
[Audio] Cast
[Audio] Impact
[Audio] Hit
[Audio] Death
[Audio] Hit
[Audio] Death
[Audio] Hit
[Audio] Death
[Audio] Hit
[Audio] Death
[Audio] Hit
[Audio] Death
[Audio] Hit
[Audio] Death
[Audio] Cast
[Audio] Hit
[Audio] Death
[Audio] Impact
[Audio] Hit
[Audio] Death
[Audio] Impact
[Audio] Cast
[Audio] Impact
[Audio] Hit
[Audio] Death
[Audio] Hit
[Audio] Death
[Audio] Hit
[Audio] Death
[Audio] Cast
[Audio] Hit
[Audio] Death
[Audio] Impact
[Perf] harness wrote G:\GAME-ZZZ\unity\game\New Unity Project\docs\reviews\s2p\1440p\200.txt
[Perf] harness 200 alive=200 avg=1.519
[Audio] Cast
[Audio] Impact
[Audio] Hit
[Audio] Death
[Audio] Hit
[Audio] Death
[Audio] Cast
[Audio] Cast
[Audio] Impact
[Audio] Hit
[Audio] Death
[Audio] Hit
[Audio] Death
[Audio] Hit
[Audio] Death
[Audio] Hit
[Audio] Death
[Audio] Hit
[Audio] Death
[Audio] Cast
[Audio] Impact
[Audio] Hit
[Audio] Death
[Audio] Impact
[Audio] Cast
[Audio] Impact
[Audio] Hit
[Audio] Death
[Audio] Hit
[Audio] Death
[Audio] Hit
[Audio] Death
[Audio] Hit
[Audio] Death
[Audio] Hit
[Audio] Death
[Audio] Cast
[Audio] Hit
[Audio] Death
[Audio] Impact
[Audio] Cast
[Audio] Impact
[Audio] Hit
[Audio] Death
[Audio] Hit
[Audio] Death
[Perf] harness wrote G:\GAME-ZZZ\unity\game\New Unity Project\docs\reviews\s2p\1440p\300.txt
[Perf] harness 300 alive=294 avg=1.753
[Physics::Module] Cleanup current backend.
[Physics::Module] Id: 0xf2b8ea05
Input System module state changed to: ShutdownInProgress.
Input System polling thread exited.
Input System module state changed to: Shutdown.
